<html>
<body>
<pre>
<h1>µVision Build Log</h1>
<h2>Tool Versions:</h2>
IDE-Version: ¦ÌVision V5.14.0.0
Copyright (C) 2015 ARM Ltd and ARM Germany GmbH. All rights reserved.
License Information: j Welbot PC-3, j, LIC=HN0UH-WDKZL-VCHJ3-AKMJR-84HUN-L4SAQ
 
Tool Versions:
Toolchain:       MDK-ARM Standard  Version: 5.14.0.0
Toolchain Path:  C:\Keil_v5\ARM\ARMCC\Bin
C Compiler:      Armcc.exe V5.05 update 1 (build 106)
Assembler:       Armasm.exe V5.05 update 1 (build 106)
Linker/Locator:  ArmLink.exe V5.05 update 1 (build 106)
Library Manager: ArmAr.exe V5.05 update 1 (build 106)
Hex Converter:   FromElf.exe V5.05 update 1 (build 106)
CPU DLL:         SARMCM3.DLL V5.14.0.0
Dialog DLL:      DCM.DLL V1.13.1.0
Target DLL:      Segger\JL2CM3.dll V2.99.13.0
Dialog DLL:      TCM.DLL V1.14.4.0
 
<h2>Project:</h2>
C:\FreeRTOS\FreeRTOSInterruptTest\USER\PWM.uvprojx
Project File Date:  05/12/2021

<h2>Output:</h2>
Rebuild target 'PWM'
compiling main.c...
compiling stm32f10x_it.c...
compiling system_stm32f10x.c...
compiling led.c...
compiling timer.c...
..\HARDWARE\TIMER\timer.c(72): warning:  #1-D: last line of file ends without a newline
  }
..\HARDWARE\TIMER\timer.c: 1 warning, 0 errors
compiling delay.c...
..\SYSTEM\delay\delay.c(78): warning:  #1-D: last line of file ends without a newline
  }
..\SYSTEM\delay\delay.c: 1 warning, 0 errors
compiling sys.c...
compiling usart.c...
compiling core_cm3.c...
assembling startup_stm32f10x_md.s...
compiling misc.c...
compiling stm32f10x_gpio.c...
compiling stm32f10x_rcc.c...
compiling stm32f10x_tim.c...
compiling stm32f10x_usart.c...
compiling stm32f10x_exti.c...
compiling stm32f10x_can.c...
compiling croutine.c...
compiling event_groups.c...
compiling list.c...
compiling queue.c...
compiling stream_buffer.c...
compiling tasks.c...
compiling timers.c...
compiling heap_4.c...
compiling port.c...
linking...
Program Size: Code=10420 RO-data=268 RW-data=192 ZI-data=12312  
FromELF: creating hex file...
"..\OBJ\PWM.axf" - 0 Error(s), 2 Warning(s).

<h2>Collection of Component include folders:</h2>
  C:\FreeRTOS\FreeRTOSInterruptTest\USER\RTE
  C:\Keil_v5\ARM\PACK\Keil\STM32F1xx_DFP\2.3.0

<h2>Collection of Component Files used:</h2>
</pre>
</body>
</html>
